../Core/Src/main.c:99:6:HAL_TIM_PeriodElapsedCallback	16	static
../Core/Src/main.c:142:5:main	16	static
../Core/Src/main.c:233:6:SystemClock_Config	88	static
../Core/Src/main.c:280:13:MX_ADC1_Init	24	static
../Core/Src/main.c:336:13:MX_ADC2_Init	24	static
../Core/Src/main.c:383:13:MX_TIM2_Init	32	static
../Core/Src/main.c:428:13:MX_TIM3_Init	32	static
../Core/Src/main.c:473:13:MX_TIM4_Init	64	static
../Core/Src/main.c:531:13:MX_DMA_Init	16	static
../Core/Src/main.c:549:13:MX_GPIO_Init	40	static
../Core/Src/main.c:609:6:select_params	4	static
../Core/Src/main.c:661:6:menu_selection	40	static
../Core/Src/main.c:693:6:menu_selection_operator	24	static
../Core/Src/main.c:713:6:menu_temperature_selection	16	static
../Core/Src/main.c:732:6:menu_plant_selection	40	static
../Core/Src/main.c:745:6:get_name	16	static
../Core/Src/main.c:762:6:get_day_night	16	static
../Core/Src/main.c:776:6:menu_main	24	static
../Core/Src/main.c:786:6:menu_actual_state	32	static
../Core/Src/main.c:809:6:menu_light	32	static
../Core/Src/main.c:831:6:menu_operator_login	40	static
../Core/Src/main.c:849:6:validate_user	32	static
../Core/Src/main.c:868:6:Error_Handler	4	static,ignoring_inline_asm
